Copyright 1986-2019 Xilinx, Inc. All Rights Reserved.
-------------------------------------------------------------------------------------------
| Tool Version : Vivado v.2019.1 (win64) Build 2552052 Fri May 24 14:49:42 MDT 2019
| Date         : Sun Mar 31 22:09:26 2024
| Host         : PMdesktop running 64-bit major release  (build 9200)
| Command      : report_control_sets -verbose -file Mblaze_wrapper_control_sets_placed.rpt
| Design       : Mblaze_wrapper
| Device       : xc7a100t
-------------------------------------------------------------------------------------------

Control Set Information

Table of Contents
-----------------
1. Summary
2. Histogram
3. Flip-Flop Distribution
4. Detailed Control Set Information

1. Summary
----------

+----------------------------------------------------------+-------+
|                          Status                          | Count |
+----------------------------------------------------------+-------+
| Total control sets                                       |   115 |
|    Minimum number of control sets                        |   115 |
|    Addition due to synthesis replication                 |     0 |
|    Addition due to physical synthesis replication        |     0 |
| Unused register locations in slices containing registers |   362 |
+----------------------------------------------------------+-------+
* Control sets can be merged at opt_design using control_set_merge or merge_equivalent_drivers
** Run report_qor_suggestions for automated merging and remapping suggestions


2. Histogram
------------

+--------------------+-------+
|       Fanout       | Count |
+--------------------+-------+
| Total control sets |   115 |
| >= 0 to < 4        |    20 |
| >= 4 to < 6        |    28 |
| >= 6 to < 8        |     5 |
| >= 8 to < 10       |    13 |
| >= 10 to < 12      |     3 |
| >= 12 to < 14      |     0 |
| >= 14 to < 16      |     0 |
| >= 16              |    46 |
+--------------------+-------+
* Control sets can be remapped at either synth_design or opt_design


3. Flip-Flop Distribution
-------------------------

+--------------+-----------------------+------------------------+-----------------+--------------+
| Clock Enable | Synchronous Set/Reset | Asynchronous Set/Reset | Total Registers | Total Slices |
+--------------+-----------------------+------------------------+-----------------+--------------+
| No           | No                    | No                     |             268 |          109 |
| No           | No                    | Yes                    |              30 |            9 |
| No           | Yes                   | No                     |             344 |          147 |
| Yes          | No                    | No                     |             542 |          147 |
| Yes          | No                    | Yes                    |              15 |            8 |
| Yes          | Yes                   | No                     |             823 |          263 |
+--------------+-----------------------+------------------------+-----------------+--------------+


4. Detailed Control Set Information
-----------------------------------

+--------------------------------------------------------------+-----------------------------------------------------------------------------------------------------------------------------------------------------------------------------------------------------------------------------+-----------------------------------------------------------------------------------------------------------------------------------------------------------------+------------------+----------------+
|                         Clock Signal                         |                                                                                                        Enable Signal                                                                                                        |                                                                         Set/Reset Signal                                                                        | Slice Load Count | Bel Load Count |
+--------------------------------------------------------------+-----------------------------------------------------------------------------------------------------------------------------------------------------------------------------------------------------------------------------+-----------------------------------------------------------------------------------------------------------------------------------------------------------------+------------------+----------------+
|  Mblaze_i/mdm_1/U0/Use_E2.BSCAN_I/Ext_JTAG_UPDATE            | Mblaze_i/microblaze_0/U0/MicroBlaze_Core_I/Performance.Core/Use_Debug_Logic.Master_Core.Debug_Perf/Control_Reg_En                                                                                                           | Mblaze_i/microblaze_0/U0/MicroBlaze_Core_I/Performance.Core/Use_Debug_Logic.Master_Core.Debug_Perf/Serial_Dbg_Intf.normal_stop_cmd_i_reg_n_0                    |                1 |              1 |
|  Mblaze_i/mdm_1/U0/Use_E2.BSCAN_I/Ext_JTAG_UPDATE            | Mblaze_i/microblaze_0/U0/MicroBlaze_Core_I/Performance.Core/Use_Debug_Logic.Master_Core.Debug_Perf/Control_Reg_En                                                                                                           | Mblaze_i/microblaze_0/U0/MicroBlaze_Core_I/Performance.Core/Use_Debug_Logic.Master_Core.Debug_Perf/Serial_Dbg_Intf.continue_from_brk_reg_n_0                    |                1 |              1 |
| ~Mblaze_i/mdm_1/U0/Use_E2.BSCAN_I/Ext_JTAG_UPDATE            |                                                                                                                                                                                                                             | Mblaze_i/mdm_1/U0/MDM_Core_I1/JTAG_CONTROL_I/sel_n                                                                                                              |                1 |              1 |
|  Mblaze_i/clk_wiz_1/inst/clk_out1                            |                                                                                                                                                                                                                             | Mblaze_i/microblaze_0/U0/MicroBlaze_Core_I/Performance.Core/Use_Debug_Logic.Master_Core.Debug_Perf/capture_1                                                    |                1 |              1 |
|  Mblaze_i/mdm_1/U0/Use_E2.BSCAN_I/Ext_JTAG_UPDATE            | Mblaze_i/microblaze_0/U0/MicroBlaze_Core_I/Performance.Core/Use_Debug_Logic.Master_Core.Debug_Perf/Control_Reg_En                                                                                                           | Mblaze_i/microblaze_0/U0/MicroBlaze_Core_I/Performance.Core/Use_Debug_Logic.Master_Core.Debug_Perf/start_single_step_reg_n_0                                    |                1 |              1 |
|  Mblaze_i/mdm_1/U0/Use_E2.BSCAN_I/Ext_JTAG_UPDATE            | Mblaze_i/microblaze_0/U0/MicroBlaze_Core_I/Performance.Core/Use_Debug_Logic.Master_Core.Debug_Perf/Control_Reg_En                                                                                                           | Mblaze_i/microblaze_0/U0/MicroBlaze_Core_I/Performance.Core/Use_Debug_Logic.Master_Core.Debug_Perf/Serial_Dbg_Intf.force_stop_cmd_i_reg_0                       |                1 |              1 |
|  Mblaze_i/mdm_1/U0/Use_E2.BSCAN_I/Ext_JTAG_UPDATE            |                                                                                                                                                                                                                             | Mblaze_i/mdm_1/U0/MDM_Core_I1/JTAG_CONTROL_I/Use_BSCAN.FDC_I/data_cmd_reset6_out                                                                                |                1 |              1 |
|  Mblaze_i/mdm_1/U0/No_Dbg_Reg_Access.BUFG_DRCK/Ext_JTAG_DRCK | Mblaze_i/mdm_1/U0/Use_E2.BSCAN_I/Use_BSCAN.PORT_Selector_reg[0]                                                                                                                                                             | Mblaze_i/mdm_1/U0/MDM_Core_I1/JTAG_CONTROL_I/sel_with_scan_reset24_out                                                                                          |                1 |              1 |
|  Mblaze_i/clk_wiz_1/inst/clk_out1                            | Mblaze_i/microblaze_0_axi_periph/s01_couplers/auto_pc/inst/gen_axilite.gen_b2s_conv.axilite_b2s/RD.r_channel_0/r_push_r                                                                                                     |                                                                                                                                                                 |                1 |              1 |
| ~Mblaze_i/mdm_1/U0/No_Dbg_Reg_Access.BUFG_DRCK/Ext_JTAG_DRCK | Mblaze_i/mdm_1/U0/MDM_Core_I1/JTAG_CONTROL_I/Use_BSCAN.FDC_I/CE                                                                                                                                                             | Mblaze_i/mdm_1/U0/MDM_Core_I1/JTAG_CONTROL_I/Use_BSCAN.FDC_I/D_2                                                                                                |                1 |              1 |
|  Mblaze_i/clk_wiz_1/inst/clk_out1                            | Mblaze_i/microblaze_0_axi_periph/s02_couplers/auto_pc/inst/gen_axilite.gen_b2s_conv.axilite_b2s/RD.r_channel_0/r_push_r                                                                                                     |                                                                                                                                                                 |                1 |              1 |
|  Mblaze_i/clk_wiz_1/inst/clk_out1                            |                                                                                                                                                                                                                             | Mblaze_i/microblaze_0_axi_periph/s02_couplers/auto_pc/inst/gen_axilite.gen_b2s_conv.axilite_b2s/SI_REG/aw.aw_pipe/aresetn_d_reg[0]_0                            |                2 |              2 |
|  Mblaze_i/mdm_1/U0/Use_E2.BSCAN_I/Ext_JTAG_UPDATE            |                                                                                                                                                                                                                             |                                                                                                                                                                 |                2 |              2 |
|  Mblaze_i/clk_wiz_1/inst/clk_out1                            | Mblaze_i/microblaze_0_axi_periph/s01_couplers/auto_pc/inst/gen_axilite.gen_b2s_conv.axilite_b2s/RD.ar_channel_0/ar_cmd_fsm_0/FSM_sequential_state_reg[1]_0[0]                                                               |                                                                                                                                                                 |                2 |              2 |
|  Mblaze_i/mdm_1/U0/Use_E2.BSCAN_I/Ext_JTAG_UPDATE            | Mblaze_i/microblaze_0/U0/MicroBlaze_Core_I/Performance.Core/Use_Debug_Logic.Master_Core.Debug_Perf/Command_Reg_En                                                                                                           | Mblaze_i/microblaze_0/U0/MicroBlaze_Core_I/Performance.Core/Use_Debug_Logic.Master_Core.Debug_Perf/command_reg_clear                                            |                1 |              2 |
|  Mblaze_i/mdm_1/U0/Use_E2.BSCAN_I/Ext_JTAG_UPDATE            | Mblaze_i/mdm_1/U0/MDM_Core_I1/JTAG_CONTROL_I/Use_BSCAN.FDC_I/Debug_Rst_i0                                                                                                                                                   |                                                                                                                                                                 |                1 |              2 |
|  Mblaze_i/clk_wiz_1/inst/clk_out1                            |                                                                                                                                                                                                                             | Mblaze_i/microblaze_0_axi_periph/s02_couplers/auto_pc/inst/gen_axilite.gen_b2s_conv.axilite_b2s/SI_REG/ar.ar_pipe/aresetn_d_reg[1]_inv_0                        |                2 |              2 |
|  Mblaze_i/clk_wiz_1/inst/clk_out1                            | Mblaze_i/microblaze_0/U0/MicroBlaze_Core_I/Performance.Core/Decode_I/Use_MuxCy[10].OF_Piperun_Stage/MUXCY_I/lopt_1                                                                                                          |                                                                                                                                                                 |                1 |              2 |
|  Mblaze_i/clk_wiz_1/inst/clk_out1                            | Mblaze_i/microblaze_0_axi_periph/s02_couplers/auto_pc/inst/gen_axilite.gen_b2s_conv.axilite_b2s/RD.ar_channel_0/ar_cmd_fsm_0/FSM_sequential_state_reg[1]_1[0]                                                               |                                                                                                                                                                 |                1 |              2 |
|  Mblaze_i/clk_wiz_1/inst/clk_out1                            |                                                                                                                                                                                                                             | Mblaze_i/mdm_1/U0/MDM_Core_I1/S_AXI_ARESETN_0                                                                                                                   |                2 |              3 |
|  Mblaze_i/clk_wiz_1/inst/clk_out1                            | Mblaze_i/microblaze_0/U0/MicroBlaze_Core_I/Performance.Core/Using_ICache.ICache_I1/Cache_Interface_I1/DIBDI[0]                                                                                                              | Mblaze_i/microblaze_0/U0/MicroBlaze_Core_I/Performance.Core/Using_ICache.ICache_I1/Cache_Interface_I1/update_idle                                               |                2 |              4 |
|  Mblaze_i/mdm_1/U0/Use_E2.BSCAN_I/Ext_JTAG_UPDATE            | Mblaze_i/microblaze_0/U0/MicroBlaze_Core_I/Performance.Core/Use_Debug_Logic.Master_Core.Debug_Perf/Control_Reg_En                                                                                                           |                                                                                                                                                                 |                2 |              4 |
|  Mblaze_i/mdm_1/U0/Use_E2.BSCAN_I/Ext_JTAG_UPDATE            | Mblaze_i/mdm_1/U0/MDM_Core_I1/MDM_SEL                                                                                                                                                                                       | Mblaze_i/mdm_1/U0/Use_E2.BSCAN_I/AR[0]                                                                                                                          |                1 |              4 |
|  Mblaze_i/clk_wiz_1/inst/clk_out1                            | Mblaze_i/microblaze_0/U0/MicroBlaze_Core_I/Performance.Core/Using_ICache.ICache_I1/Cache_Interface_I1/p_2_out                                                                                                               | Mblaze_i/microblaze_0/U0/MicroBlaze_Core_I/sync_reset                                                                                                           |                2 |              4 |
|  Mblaze_i/clk_wiz_1/inst/clk_out1                            | Mblaze_i/mdm_1/U0/Use_AXI_IPIF.AXI_LITE_IPIF_I/I_SLAVE_ATTACHMENT/start2                                                                                                                                                    | Mblaze_i/mdm_1/U0/Use_AXI_IPIF.AXI_LITE_IPIF_I/I_SLAVE_ATTACHMENT/I_DECODER/cs_ce_clr                                                                           |                1 |              4 |
|  Mblaze_i/clk_wiz_1/inst/clk_out1                            | Mblaze_i/mdm_1/U0/MDM_Core_I1/JTAG_CONTROL_I/Use_UART.RX_FIFO_I/data_Exists_I_reg_0                                                                                                                                         | Mblaze_i/mdm_1/U0/MDM_Core_I1/Use_Uart.reset_RX_FIFO_reg_n_0                                                                                                    |                1 |              4 |
|  Mblaze_i/clk_wiz_1/inst/clk_out1                            | Mblaze_i/mdm_1/U0/MDM_Core_I1/JTAG_CONTROL_I/Use_UART.TX_FIFO_I/data_Exists_I_reg_0                                                                                                                                         | Mblaze_i/mdm_1/U0/MDM_Core_I1/Use_Uart.reset_TX_FIFO_reg_n_0                                                                                                    |                1 |              4 |
|  Mblaze_i/clk_wiz_1/inst/clk_out1                            | Mblaze_i/microblaze_0_axi_periph/s01_couplers/auto_pc/inst/gen_axilite.gen_b2s_conv.axilite_b2s/WR.aw_channel_0/cmd_translator_0/incr_cmd_0/axaddr_incr[11]_i_1_n_0                                                         |                                                                                                                                                                 |                1 |              4 |
|  Mblaze_i/clk_wiz_1/inst/clk_out1                            | Mblaze_i/microblaze_0/U0/MicroBlaze_Core_I/Performance.Core/Using_DCache.Using_WriteThrough.DCache_I1/Using_New_CacheInterface_for_AXI.Cache_Interface_I1/Using_AXI.Use_AXI_Write.aw_read_fifo_addr[0]_i_1_n_0              | Mblaze_i/microblaze_0/U0/MicroBlaze_Core_I/sync_reset                                                                                                           |                2 |              4 |
|  Mblaze_i/clk_wiz_1/inst/clk_out1                            | Mblaze_i/microblaze_0/U0/MicroBlaze_Core_I/Performance.Core/Using_DCache.Using_WriteThrough.DCache_I1/Using_New_CacheInterface_for_AXI.Cache_Interface_I1/Read_Req_Granted                                                  |                                                                                                                                                                 |                1 |              4 |
|  Mblaze_i/clk_wiz_1/inst/clk_out1                            | Mblaze_i/microblaze_0/U0/MicroBlaze_Core_I/Performance.Core/Using_DCache.Using_WriteThrough.DCache_I1/Using_New_CacheInterface_for_AXI.Cache_Interface_I1/Using_AXI.r_read_fifo_addr[0]_i_1__0_n_0                          | Mblaze_i/microblaze_0/U0/MicroBlaze_Core_I/sync_reset                                                                                                           |                2 |              4 |
|  Mblaze_i/clk_wiz_1/inst/clk_out1                            | Mblaze_i/microblaze_0/U0/MicroBlaze_Core_I/Performance.Core/Using_DCache.Using_WriteThrough.DCache_I1/Using_New_CacheInterface_for_AXI.Cache_Interface_I1/incoming_data_valid                                               | Mblaze_i/microblaze_0/U0/MicroBlaze_Core_I/Performance.Core/Using_DCache.Using_WriteThrough.DCache_I1/Using_New_CacheInterface_for_AXI.Cache_Interface_I1/SR[0] |                2 |              4 |
|  Mblaze_i/clk_wiz_1/inst/clk_out1                            | Mblaze_i/microblaze_0/U0/MicroBlaze_Core_I/Performance.Core/Using_ICache.ICache_I1/Cache_Interface_I1/Using_AXI.r_read_fifo_addr[0]_i_1_n_0                                                                                 | Mblaze_i/microblaze_0/U0/MicroBlaze_Core_I/sync_reset                                                                                                           |                2 |              4 |
|  Mblaze_i/clk_wiz_1/inst/clk_out1                            |                                                                                                                                                                                                                             | Mblaze_i/microblaze_0_axi_periph/xbar/inst/gen_sasd.crossbar_sasd_0/addr_arbiter_inst/s_arvalid_reg                                                             |                2 |              4 |
|  Mblaze_i/mdm_1/U0/No_Dbg_Reg_Access.BUFG_DRCK/Ext_JTAG_DRCK | Mblaze_i/mdm_1/U0/MDM_Core_I1/p_5_out                                                                                                                                                                                       | Mblaze_i/mdm_1/U0/Use_E2.BSCAN_I/AR[0]                                                                                                                          |                1 |              4 |
| ~Mblaze_i/mdm_1/U0/Use_E2.BSCAN_I/Ext_JTAG_UPDATE            |                                                                                                                                                                                                                             | Mblaze_i/mdm_1/U0/Use_E2.BSCAN_I/AR[0]                                                                                                                          |                1 |              4 |
|  Mblaze_i/clk_wiz_1/inst/clk_out1                            | Mblaze_i/microblaze_0/U0/MicroBlaze_Core_I/Performance.Core/Using_DCache.Using_WriteThrough.DCache_I1/Using_New_CacheInterface_for_AXI.Cache_Interface_I1/Using_AXI.Use_AXI_Write.exist_bit_FDRE/E[0]                       | Mblaze_i/microblaze_0/U0/MicroBlaze_Core_I/sync_reset                                                                                                           |                1 |              4 |
|  Mblaze_i/clk_wiz_1/inst/clk_out1                            |                                                                                                                                                                                                                             | Mblaze_i/microblaze_0_axi_periph/s01_couplers/auto_pc/inst/gen_axilite.gen_b2s_conv.axilite_b2s/SI_REG/ar.ar_pipe/aresetn_d_reg[1]_inv_0                        |                2 |              4 |
|  Mblaze_i/clk_wiz_1/inst/clk_out1                            |                                                                                                                                                                                                                             | Mblaze_i/microblaze_0_axi_periph/s01_couplers/auto_pc/inst/gen_axilite.gen_b2s_conv.axilite_b2s/SI_REG/aw.aw_pipe/aresetn_d_reg[0]_0                            |                3 |              4 |
|  Mblaze_i/clk_wiz_1/inst/clk_out1                            | Mblaze_i/microblaze_0/U0/MicroBlaze_Core_I/Performance.Core/Decode_I/wb_Halted                                                                                                                                              | Mblaze_i/microblaze_0/U0/MicroBlaze_Core_I/sync_reset                                                                                                           |                1 |              5 |
|  Mblaze_i/clk_wiz_1/inst/clk_out1                            | Mblaze_i/microblaze_0_axi_periph/xbar/inst/gen_sasd.crossbar_sasd_0/addr_arbiter_inst/any_grant                                                                                                                             | Mblaze_i/microblaze_0_axi_periph/xbar/inst/gen_sasd.crossbar_sasd_0/addr_arbiter_inst/SR[0]                                                                     |                2 |              5 |
|  Mblaze_i/clk_wiz_1/inst/clk_out1                            |                                                                                                                                                                                                                             | Mblaze_i/rst_clk_wiz_1_100M/U0/EXT_LPF/lpf_int                                                                                                                  |                2 |              5 |
|  Mblaze_i/clk_wiz_1/inst/clk_out1                            | Mblaze_i/microblaze_0/U0/MicroBlaze_Core_I/Performance.Core/Using_ICache.ICache_I1/Cache_Interface_I1/read_req_granted                                                                                                      |                                                                                                                                                                 |                2 |              5 |
|  Mblaze_i/clk_wiz_1/inst/clk_out1                            | Mblaze_i/microblaze_0_axi_periph/s02_couplers/auto_pc/inst/gen_axilite.gen_b2s_conv.axilite_b2s/RD.r_channel_0/transaction_fifo_0/cnt_read[4]_i_1__0_n_0                                                                    | Mblaze_i/microblaze_0_axi_periph/s02_couplers/auto_pc/inst/gen_axilite.gen_b2s_conv.axilite_b2s/areset_d1                                                       |                2 |              5 |
|  Mblaze_i/clk_wiz_1/inst/clk_out1                            | Mblaze_i/microblaze_0/U0/MicroBlaze_Core_I/Performance.Core/Decode_I/WB_PipeRun                                                                                                                                             | Mblaze_i/microblaze_0/U0/MicroBlaze_Core_I/sync_reset                                                                                                           |                1 |              5 |
|  Mblaze_i/clk_wiz_1/inst/clk_out1                            | Mblaze_i/microblaze_0_axi_periph/s02_couplers/auto_pc/inst/gen_axilite.gen_b2s_conv.axilite_b2s/RD.r_channel_0/rd_data_fifo_0/cnt_read[4]_i_1_n_0                                                                           | Mblaze_i/microblaze_0_axi_periph/s02_couplers/auto_pc/inst/gen_axilite.gen_b2s_conv.axilite_b2s/areset_d1                                                       |                1 |              5 |
|  Mblaze_i/clk_wiz_1/inst/clk_out1                            | Mblaze_i/microblaze_0_axi_periph/s01_couplers/auto_pc/inst/gen_axilite.gen_b2s_conv.axilite_b2s/RD.r_channel_0/transaction_fifo_0/E[0]                                                                                      | Mblaze_i/microblaze_0_axi_periph/s01_couplers/auto_pc/inst/gen_axilite.gen_b2s_conv.axilite_b2s/areset_d1                                                       |                2 |              5 |
|  Mblaze_i/clk_wiz_1/inst/clk_out1                            | Mblaze_i/microblaze_0_axi_periph/s01_couplers/auto_pc/inst/gen_axilite.gen_b2s_conv.axilite_b2s/RD.r_channel_0/transaction_fifo_0/cnt_read[4]_i_1__0_n_0                                                                    | Mblaze_i/microblaze_0_axi_periph/s01_couplers/auto_pc/inst/gen_axilite.gen_b2s_conv.axilite_b2s/areset_d1                                                       |                2 |              5 |
|  Mblaze_i/clk_wiz_1/inst/clk_out1                            | Mblaze_i/microblaze_0/U0/MicroBlaze_Core_I/Performance.Core/Using_DCache.Using_WriteThrough.DCache_I1/Using_New_CacheInterface_for_AXI.Cache_Interface_I1/last_outstanding_write                                            | Mblaze_i/microblaze_0/U0/MicroBlaze_Core_I/sync_reset                                                                                                           |                2 |              6 |
|  Mblaze_i/clk_wiz_1/inst/clk_out1                            | Mblaze_i/rst_clk_wiz_1_100M/U0/SEQ/seq_cnt_en                                                                                                                                                                               | Mblaze_i/rst_clk_wiz_1_100M/U0/SEQ/SEQ_COUNTER/clear                                                                                                            |                1 |              6 |
|  Mblaze_i/mdm_1/U0/No_Dbg_Reg_Access.BUFG_DRCK/Ext_JTAG_DRCK | Mblaze_i/mdm_1/U0/MDM_Core_I1/JTAG_CONTROL_I/Use_BSCAN.FDC_I/Use_BSCAN.command_reg[6]_0[0]                                                                                                                                  |                                                                                                                                                                 |                1 |              6 |
|  Mblaze_i/mdm_1/U0/No_Dbg_Reg_Access.BUFG_DRCK/Ext_JTAG_DRCK | Mblaze_i/mdm_1/U0/Use_E2.BSCAN_I/Using_FPGA.Native[0]                                                                                                                                                                       |                                                                                                                                                                 |                1 |              6 |
|  Mblaze_i/mdm_1/U0/No_Dbg_Reg_Access.BUFG_DRCK/Ext_JTAG_DRCK | Mblaze_i/mdm_1/U0/Use_E2.BSCAN_I/Use_BSCAN.command_reg[5][0]                                                                                                                                                                |                                                                                                                                                                 |                3 |              6 |
|  Mblaze_i/mdm_1/U0/Use_E2.BSCAN_I/Ext_JTAG_UPDATE            | Mblaze_i/mdm_1/U0/MDM_Core_I1/JTAG_CONTROL_I/Use_BSCAN.FDC_I/Use_BSCAN.PORT_Selector_reg[2][0]                                                                                                                              |                                                                                                                                                                 |                1 |              8 |
|  Mblaze_i/clk_wiz_1/inst/clk_out1                            | Mblaze_i/mdm_1/U0/Use_AXI_IPIF.AXI_LITE_IPIF_I/I_SLAVE_ATTACHMENT/s_axi_rresp_i                                                                                                                                             | Mblaze_i/mdm_1/U0/Use_AXI_IPIF.AXI_LITE_IPIF_I/I_SLAVE_ATTACHMENT/rst                                                                                           |                3 |              8 |
|  Mblaze_i/clk_wiz_1/inst/clk_out1                            | Mblaze_i/mdm_1/U0/MDM_Core_I1/JTAG_CONTROL_I/Use_UART.RX_FIFO_I/Addr_Counters[2].FDRE_I/CI                                                                                                                                  |                                                                                                                                                                 |                2 |              8 |
|  Mblaze_i/clk_wiz_1/inst/clk_out1                            | Mblaze_i/mdm_1/U0/MDM_Core_I1/JTAG_CONTROL_I/Use_UART.TX_FIFO_I/Addr_Counters[2].FDRE_I/CI                                                                                                                                  |                                                                                                                                                                 |                2 |              8 |
|  Mblaze_i/clk_wiz_1/inst/clk_out1                            | Mblaze_i/microblaze_0_axi_periph/s01_couplers/auto_pc/inst/gen_axilite.gen_b2s_conv.axilite_b2s/WR.b_channel_0/mhandshake_r                                                                                                 | Mblaze_i/microblaze_0_axi_periph/s01_couplers/auto_pc/inst/gen_axilite.gen_b2s_conv.axilite_b2s/WR.b_channel_0/bid_fifo_0/SR[0]                                 |                3 |              8 |
|  Mblaze_i/clk_wiz_1/inst/clk_out1                            | Mblaze_i/microblaze_0/U0/MicroBlaze_Core_I/Performance.Core/Using_DCache.Using_WriteThrough.DCache_I1/Using_New_CacheInterface_for_AXI.Cache_Interface_I1/Using_AXI.Use_AXI_Write.Addr_bit[3].Addr_bit_LUT/Write_Data_Valid |                                                                                                                                                                 |                1 |              8 |
|  Mblaze_i/mdm_1/U0/No_Dbg_Reg_Access.BUFG_DRCK/Ext_JTAG_DRCK | Mblaze_i/mdm_1/U0/Use_E2.BSCAN_I/Use_E2.BSCANE2_I_0[0]                                                                                                                                                                      |                                                                                                                                                                 |                2 |              8 |
|  Mblaze_i/mdm_1/U0/No_Dbg_Reg_Access.BUFG_DRCK/Ext_JTAG_DRCK | Mblaze_i/mdm_1/U0/MDM_Core_I1/JTAG_CONTROL_I/tdi_shifter0                                                                                                                                                                   |                                                                                                                                                                 |                1 |              8 |
|  Mblaze_i/mdm_1/U0/No_Dbg_Reg_Access.BUFG_DRCK/Ext_JTAG_DRCK | Mblaze_i/mdm_1/U0/MDM_Core_I1/JTAG_CONTROL_I/Use_BSCAN.SYNC_FDRE/E[0]                                                                                                                                                       |                                                                                                                                                                 |                1 |              8 |
|  Mblaze_i/mdm_1/U0/No_Dbg_Reg_Access.BUFG_DRCK/Ext_JTAG_DRCK | Mblaze_i/microblaze_0/U0/MicroBlaze_Core_I/Performance.Core/Use_Debug_Logic.Master_Core.Debug_Perf/Using_PC_Breakpoints.All_PC_Brks[0].Serial_Interface_1.address_hit_I/Compare[0].SRLC16E_I/which_pc__0                    |                                                                                                                                                                 |                7 |              8 |
| ~Mblaze_i/mdm_1/U0/Use_E2.BSCAN_I/Ext_JTAG_UPDATE            | Mblaze_i/mdm_1/U0/MDM_Core_I1/JTAG_CONTROL_I/Use_BSCAN.command[0]_i_1_n_0                                                                                                                                                   |                                                                                                                                                                 |                2 |              8 |
|  Mblaze_i/clk_wiz_1/inst/clk_out1                            |                                                                                                                                                                                                                             | Mblaze_i/microblaze_0_axi_periph/xbar/inst/gen_sasd.crossbar_sasd_0/addr_arbiter_inst/SR[0]                                                                     |                4 |              9 |
|  Mblaze_i/clk_wiz_1/inst/clk_out1                            | Mblaze_i/microblaze_0_axi_periph/s01_couplers/auto_pc/inst/gen_axilite.gen_b2s_conv.axilite_b2s/WR.aw_channel_0/aw_cmd_fsm_0/m_valid_i_reg[0]                                                                               |                                                                                                                                                                 |                4 |              9 |
|  Mblaze_i/mdm_1/U0/No_Dbg_Reg_Access.BUFG_DRCK/Ext_JTAG_DRCK | Mblaze_i/mdm_1/U0/MDM_Core_I1/JTAG_CONTROL_I/Use_BSCAN.FDC_I/E[0]                                                                                                                                                           |                                                                                                                                                                 |                4 |             10 |
|  Mblaze_i/clk_wiz_1/inst/clk_out1                            |                                                                                                                                                                                                                             | Mblaze_i/microblaze_0_axi_periph/s01_couplers/auto_pc/inst/gen_axilite.gen_b2s_conv.axilite_b2s/areset_d1                                                       |                4 |             10 |
|  Mblaze_i/clk_wiz_1/inst/clk_out1                            |                                                                                                                                                                                                                             | Mblaze_i/mdm_1/U0/Use_AXI_IPIF.AXI_LITE_IPIF_I/I_SLAVE_ATTACHMENT/rst                                                                                           |                4 |             10 |
|  Mblaze_i/clk_wiz_1/inst/clk_out1                            | Mblaze_i/microblaze_0/U0/MicroBlaze_Core_I/Performance.Core/Decode_I/PreFetch_Buffer_I1/OF_Valid_DFF/E[0]                                                                                                                   | Mblaze_i/microblaze_0/U0/MicroBlaze_Core_I/sync_reset                                                                                                           |                3 |             16 |
|  Mblaze_i/clk_wiz_1/inst/clk_out1                            | Mblaze_i/microblaze_0_axi_periph/s02_couplers/auto_pc/inst/gen_axilite.gen_b2s_conv.axilite_b2s/RD.ar_channel_0/ar_cmd_fsm_0/E[0]                                                                                           |                                                                                                                                                                 |                6 |             16 |
|  Mblaze_i/clk_wiz_1/inst/clk_out1                            | Mblaze_i/microblaze_0_axi_periph/s01_couplers/auto_pc/inst/gen_axilite.gen_b2s_conv.axilite_b2s/RD.ar_channel_0/ar_cmd_fsm_0/E[0]                                                                                           |                                                                                                                                                                 |                8 |             18 |
|  Mblaze_i/clk_wiz_1/inst/clk_out1                            | Mblaze_i/microblaze_0/U0/MicroBlaze_Core_I/Performance.Core/Using_DCache.mem_databus_ready_sel_carry_or/MUXCY_I/lopt_4                                                                                                      | Mblaze_i/microblaze_0/U0/MicroBlaze_Core_I/sync_reset                                                                                                           |                6 |             20 |
|  Mblaze_i/clk_wiz_1/inst/clk_out1                            | Mblaze_i/microblaze_0_axi_periph/s01_couplers/auto_pc/inst/gen_axilite.gen_b2s_conv.axilite_b2s/RD.r_channel_0/rd_data_fifo_0/wr_en0                                                                                        |                                                                                                                                                                 |                6 |             22 |
|  Mblaze_i/clk_wiz_1/inst/clk_out1                            | Mblaze_i/microblaze_0_axi_periph/s02_couplers/auto_pc/inst/gen_axilite.gen_b2s_conv.axilite_b2s/RD.r_channel_0/rd_data_fifo_0/wr_en0                                                                                        |                                                                                                                                                                 |                6 |             22 |
|  Mblaze_i/clk_wiz_1/inst/clk_out1                            | Mblaze_i/microblaze_0/U0/MicroBlaze_Core_I/Performance.Core/Using_ICache.ICache_I1/Cache_Interface_I1/E[0]                                                                                                                  | Mblaze_i/microblaze_0/U0/MicroBlaze_Core_I/sync_reset                                                                                                           |                8 |             22 |
|  Mblaze_i/clk_wiz_1/inst/clk_out1                            | Mblaze_i/microblaze_0_axi_periph/xbar/inst/gen_sasd.crossbar_sasd_0/reg_slice_r/s_axi_rvalid[0]                                                                                                                             | Mblaze_i/microblaze_0/U0/MicroBlaze_Core_I/sync_reset                                                                                                           |                6 |             22 |
|  Mblaze_i/clk_wiz_1/inst/clk_out1                            | Mblaze_i/microblaze_0_axi_periph/xbar/inst/gen_sasd.crossbar_sasd_0/reg_slice_r/aa_rready                                                                                                                                   | Mblaze_i/microblaze_0_axi_periph/xbar/inst/gen_sasd.crossbar_sasd_0/reg_slice_r/skid_buffer[32]_i_1_n_0                                                         |                5 |             22 |
|  Mblaze_i/clk_wiz_1/inst/clk_out1                            | Mblaze_i/microblaze_0_axi_periph/xbar/inst/gen_sasd.crossbar_sasd_0/addr_arbiter_inst/p_0_in                                                                                                                                | Mblaze_i/microblaze_0_axi_periph/xbar/inst/gen_sasd.crossbar_sasd_0/addr_arbiter_inst/SR[0]                                                                     |               11 |             22 |
|  Mblaze_i/clk_wiz_1/inst/clk_out1                            | Mblaze_i/microblaze_0_axi_periph/s02_couplers/auto_pc/inst/gen_axilite.gen_b2s_conv.axilite_b2s/SI_REG/r.r_pipe/p_1_in                                                                                                      |                                                                                                                                                                 |                8 |             23 |
|  Mblaze_i/clk_wiz_1/inst/clk_out1                            | Mblaze_i/microblaze_0_axi_periph/s01_couplers/auto_pc/inst/gen_axilite.gen_b2s_conv.axilite_b2s/SI_REG/r.r_pipe/s_ready_i_reg_0                                                                                             |                                                                                                                                                                 |                6 |             23 |
|  Mblaze_i/clk_wiz_1/inst/clk_out1                            | Mblaze_i/microblaze_0_axi_periph/xbar/inst/gen_sasd.crossbar_sasd_0/reg_slice_r/p_1_in                                                                                                                                      |                                                                                                                                                                 |                7 |             23 |
|  Mblaze_i/clk_wiz_1/inst/clk_out1                            | Mblaze_i/microblaze_0_axi_periph/s02_couplers/auto_pc/inst/gen_axilite.gen_b2s_conv.axilite_b2s/SI_REG/r.r_pipe/s_ready_i_reg_0                                                                                             |                                                                                                                                                                 |                6 |             23 |
|  Mblaze_i/mdm_1/U0/No_Dbg_Reg_Access.BUFG_DRCK/Ext_JTAG_DRCK |                                                                                                                                                                                                                             | Mblaze_i/mdm_1/U0/Use_E2.BSCAN_I/shift_n_reset1_out                                                                                                             |                5 |             23 |
|  Mblaze_i/clk_wiz_1/inst/clk_out1                            | Mblaze_i/microblaze_0/U0/MicroBlaze_Core_I/Performance.Core/Using_ICache.ICache_I1/Using_FPGA_FSL_1.tag_hit_comparator/Comp_Carry_Chain[5].MUXCY_I/Read_Req                                                                 | Mblaze_i/microblaze_0/U0/MicroBlaze_Core_I/sync_reset                                                                                                           |                8 |             23 |
|  Mblaze_i/clk_wiz_1/inst/clk_out1                            | Mblaze_i/microblaze_0/U0/MicroBlaze_Core_I/Performance.Core/Using_DCache.Using_WriteThrough.DCache_I1/mem_read_cache_miss_sel_carry_and/MUXCY_I/Read_Req                                                                    | Mblaze_i/microblaze_0/U0/MicroBlaze_Core_I/sync_reset                                                                                                           |                3 |             23 |
|  Mblaze_i/clk_wiz_1/inst/clk_out1                            | Mblaze_i/microblaze_0/U0/MicroBlaze_Core_I/Performance.Core/Using_DCache.Using_WriteThrough.DCache_I1/Using_New_CacheInterface_for_AXI.Cache_Interface_I1/write_req_granted                                                 |                                                                                                                                                                 |                4 |             24 |
|  Mblaze_i/clk_wiz_1/inst/clk_out1                            | Mblaze_i/microblaze_0_axi_periph/s01_couplers/auto_pc/inst/gen_axilite.gen_b2s_conv.axilite_b2s/RD.ar_channel_0/ar_cmd_fsm_0/FSM_sequential_state_reg[1]_1[0]                                                               |                                                                                                                                                                 |                5 |             26 |
|  Mblaze_i/clk_wiz_1/inst/clk_out1                            | Mblaze_i/microblaze_0/U0/MicroBlaze_Core_I/Performance.Core/Using_ICache.ICache_I1/Cache_Interface_I1/update_idle                                                                                                           |                                                                                                                                                                 |                9 |             26 |
|  Mblaze_i/clk_wiz_1/inst/clk_out1                            | Mblaze_i/microblaze_0_axi_periph/s01_couplers/auto_pc/inst/gen_axilite.gen_b2s_conv.axilite_b2s/WR.aw_channel_0/aw_cmd_fsm_0/m_valid_i_reg_0[0]                                                                             |                                                                                                                                                                 |                6 |             26 |
|  Mblaze_i/clk_wiz_1/inst/clk_out1                            | Mblaze_i/microblaze_0_axi_periph/s01_couplers/auto_pc/inst/gen_axilite.gen_b2s_conv.axilite_b2s/SI_REG/aw.aw_pipe/s_ready_i_reg_0                                                                                           |                                                                                                                                                                 |                5 |             26 |
|  Mblaze_i/clk_wiz_1/inst/clk_out1                            | Mblaze_i/microblaze_0_axi_periph/s02_couplers/auto_pc/inst/gen_axilite.gen_b2s_conv.axilite_b2s/SI_REG/ar.ar_pipe/s_ready_i_reg_0                                                                                           |                                                                                                                                                                 |                5 |             26 |
|  Mblaze_i/clk_wiz_1/inst/clk_out1                            | Mblaze_i/microblaze_0_axi_periph/s02_couplers/auto_pc/inst/gen_axilite.gen_b2s_conv.axilite_b2s/RD.ar_channel_0/ar_cmd_fsm_0/m_valid_i_reg_0[0]                                                                             |                                                                                                                                                                 |                4 |             26 |
|  Mblaze_i/clk_wiz_1/inst/clk_out1                            | Mblaze_i/microblaze_0/U0/MicroBlaze_Core_I/Performance.Core/Using_DCache.Using_WriteThrough.DCache_I1/Using_Latch_AS_Logic_1.AND2B1L_I1/E[0]                                                                                | Mblaze_i/microblaze_0/U0/MicroBlaze_Core_I/sync_reset                                                                                                           |                6 |             26 |
|  Mblaze_i/clk_wiz_1/inst/clk_out1                            | Mblaze_i/microblaze_0/U0/MicroBlaze_Core_I/Performance.Core/Using_ICache.ICache_I1/Using_FPGA_FSL_1.tag_hit_comparator/Comp_Carry_Chain[5].MUXCY_I/E[0]                                                                     | Mblaze_i/microblaze_0/U0/MicroBlaze_Core_I/sync_reset                                                                                                           |                5 |             26 |
|  Mblaze_i/clk_wiz_1/inst/clk_out1                            | Mblaze_i/microblaze_0_axi_periph/s01_couplers/auto_pc/inst/gen_axilite.gen_b2s_conv.axilite_b2s/SI_REG/ar.ar_pipe/s_ready_i_reg_0                                                                                           |                                                                                                                                                                 |                4 |             26 |
|  Mblaze_i/clk_wiz_1/inst/clk_out1                            | Mblaze_i/microblaze_0/U0/MicroBlaze_Core_I/Performance.Core/Using_DCache.Using_WriteThrough.DCache_I1/Using_New_CacheInterface_for_AXI.Cache_Interface_I1/SR[0]                                                             | Mblaze_i/microblaze_0/U0/MicroBlaze_Core_I/sync_reset                                                                                                           |                8 |             26 |
|  Mblaze_i/clk_wiz_1/inst/clk_out1                            | Mblaze_i/microblaze_0/U0/MicroBlaze_Core_I/Performance.Core/Decode_I/Using_ICache_Carry_Chain.ib_ready_MMU_carry_or/MUXCY_I/lopt_6                                                                                          |                                                                                                                                                                 |               11 |             30 |
|  Mblaze_i/mdm_1/U0/No_Dbg_Reg_Access.BUFG_DRCK/Ext_JTAG_DRCK | Mblaze_i/microblaze_0/U0/MicroBlaze_Core_I/Performance.Core/Use_Debug_Logic.Master_Core.Debug_Perf/New_Dbg_Instr_TCK                                                                                                        |                                                                                                                                                                 |               12 |             32 |
|  Mblaze_i/clk_wiz_1/inst/clk_out1                            | Mblaze_i/microblaze_0/U0/MicroBlaze_Core_I/Performance.Core/Decode_I/Use_MuxCy[3].OF_Piperun_Stage/MUXCY_I/E[0]                                                                                                             | Mblaze_i/microblaze_0/U0/MicroBlaze_Core_I/sync_reset                                                                                                           |                5 |             32 |
|  Mblaze_i/clk_wiz_1/inst/clk_out1                            | Mblaze_i/microblaze_0/U0/MicroBlaze_Core_I/Performance.Core/Using_DCache.mem_databus_ready_sel_carry_or/MUXCY_I/lopt_4                                                                                                      | Mblaze_i/microblaze_0/U0/MicroBlaze_Core_I/Performance.Core/Decode_I/SR[0]                                                                                      |                8 |             32 |
|  Mblaze_i/clk_wiz_1/inst/clk_out1                            | Mblaze_i/microblaze_0/U0/MicroBlaze_Core_I/Performance.Core/Use_Debug_Logic.Master_Core.Debug_Perf/data_rd_reg[0]_i_1_n_0                                                                                                   | Mblaze_i/microblaze_0/U0/MicroBlaze_Core_I/sync_reset                                                                                                           |               12 |             32 |
|  Mblaze_i/clk_wiz_1/inst/clk_out1                            | Mblaze_i/microblaze_0/U0/MicroBlaze_Core_I/Performance.Core/Decode_I/jump_logic_I1/MUXCY_JUMP_CARRY6/Using_FPGA.Native_0[0]                                                                                                 | Mblaze_i/microblaze_0/U0/MicroBlaze_Core_I/sync_reset                                                                                                           |               10 |             32 |
|  Mblaze_i/clk_wiz_1/inst/clk_out1                            |                                                                                                                                                                                                                             | Mblaze_i/microblaze_0/U0/MicroBlaze_Core_I/p_1_out                                                                                                              |               13 |             32 |
|  Mblaze_i/clk_wiz_1/inst/clk_out1                            | Mblaze_i/microblaze_0/U0/MicroBlaze_Core_I/Performance.Core/Using_DCache.mem_databus_ready_sel_carry_or/MUXCY_I/lopt_4                                                                                                      |                                                                                                                                                                 |                5 |             32 |
|  Mblaze_i/clk_wiz_1/inst/clk_out1                            | Mblaze_i/microblaze_0/U0/MicroBlaze_Core_I/Performance.Core/Decode_I/Use_MuxCy[2].OF_Piperun_Stage/MUXCY_I/lopt_1                                                                                                           | Mblaze_i/microblaze_0/U0/MicroBlaze_Core_I/Performance.Core/Decode_I/R                                                                                          |                9 |             32 |
|  Mblaze_i/mdm_1/U0/No_Dbg_Reg_Access.BUFG_DRCK/Ext_JTAG_DRCK | Mblaze_i/mdm_1/U0/Use_E2.BSCAN_I/Use_BSCAN.PORT_Selector_reg[0]                                                                                                                                                             |                                                                                                                                                                 |               12 |             47 |
|  Mblaze_i/clk_wiz_1/inst/clk_out1                            | Mblaze_i/microblaze_0/U0/MicroBlaze_Core_I/Performance.Core/Using_DCache.Using_WriteThrough.DCache_I1/Using_New_CacheInterface_for_AXI.Cache_Interface_I1/incoming_data_valid                                               |                                                                                                                                                                 |                8 |             64 |
|  Mblaze_i/clk_wiz_1/inst/clk_out1                            | Mblaze_i/microblaze_0/U0/MicroBlaze_Core_I/Performance.Core/Decode_I/Using_ICache_Carry_Chain.Using_Latch_AS_Logic.AND2B1L_I1/if_ready                                                                                      |                                                                                                                                                                 |               12 |             75 |
|  Mblaze_i/mdm_1/U0/No_Dbg_Reg_Access.BUFG_DRCK/Ext_JTAG_DRCK |                                                                                                                                                                                                                             |                                                                                                                                                                 |               30 |             80 |
|  Mblaze_i/clk_wiz_1/inst/clk_out1                            | Mblaze_i/microblaze_0/U0/MicroBlaze_Core_I/Performance.Core/Decode_I/Use_MuxCy[2].OF_Piperun_Stage/MUXCY_I/lopt_1                                                                                                           | Mblaze_i/microblaze_0/U0/MicroBlaze_Core_I/sync_reset                                                                                                           |               34 |             93 |
|  Mblaze_i/clk_wiz_1/inst/clk_out1                            | Mblaze_i/microblaze_0/U0/MicroBlaze_Core_I/Performance.Core/Decode_I/D[34]                                                                                                                                                  |                                                                                                                                                                 |               16 |            128 |
|  Mblaze_i/clk_wiz_1/inst/clk_out1                            |                                                                                                                                                                                                                             |                                                                                                                                                                 |               81 |            203 |
|  Mblaze_i/clk_wiz_1/inst/clk_out1                            | Mblaze_i/microblaze_0/U0/MicroBlaze_Core_I/Performance.Core/Decode_I/Use_MuxCy[10].OF_Piperun_Stage/MUXCY_I/lopt_1                                                                                                          | Mblaze_i/microblaze_0/U0/MicroBlaze_Core_I/sync_reset                                                                                                           |               79 |            218 |
|  Mblaze_i/clk_wiz_1/inst/clk_out1                            |                                                                                                                                                                                                                             | Mblaze_i/microblaze_0/U0/MicroBlaze_Core_I/sync_reset                                                                                                           |              107 |            259 |
+--------------------------------------------------------------+-----------------------------------------------------------------------------------------------------------------------------------------------------------------------------------------------------------------------------+-----------------------------------------------------------------------------------------------------------------------------------------------------------------+------------------+----------------+


